C:\Users\student\Desktop\RA147\lab3\lab3\implementation\HelloWorld.ngc 1521797278
C:/Users/student/Desktop/RA147/lab3/lab3/implementation/HelloWorld_dip_switches_wrapper.ngc 1521797230
C:/Users/student/Desktop/RA147/lab3/lab3/implementation/HelloWorld_my_peripheral_0_wrapper.ngc 1521797260
C:/Users/student/Desktop/RA147/lab3/lab3/implementation/HelloWorld_rs232_wrapper.ngc 1521797230
C:/Users/student/Desktop/RA147/lab3/lab3/implementation/HelloWorld_proc_sys_reset_0_wrapper.ngc 1521797230
C:/Users/student/Desktop/RA147/lab3/lab3/implementation/HelloWorld_clock_generator_0_wrapper.ngc 1521797264
C:/Users/student/Desktop/RA147/lab3/lab3/implementation/HelloWorld_microblaze_0_ilmb_wrapper.ngc 1521797230
C:/Users/student/Desktop/RA147/lab3/lab3/implementation/HelloWorld_microblaze_0_dlmb_wrapper.ngc 1521797230
C:/Users/student/Desktop/RA147/lab3/lab3/implementation/HelloWorld_axi4lite_0_wrapper.ngc 1521797267
C:/Users/student/Desktop/RA147/lab3/lab3/implementation/HelloWorld_microblaze_0_wrapper.ngc 1521797230
C:/Users/student/Desktop/RA147/lab3/lab3/implementation/HelloWorld_microblaze_0_i_bram_ctrl_wrapper.ngc 1521797230
C:/Users/student/Desktop/RA147/lab3/lab3/implementation/HelloWorld_microblaze_0_d_bram_ctrl_wrapper.ngc 1521797230
C:/Users/student/Desktop/RA147/lab3/lab3/implementation/HelloWorld_debug_module_wrapper.ngc 1521797230
C:/Users/student/Desktop/RA147/lab3/lab3/implementation/HelloWorld_microblaze_0_bram_block_wrapper.ngc 1521797230
OK
